mode: set
github.com/h-dav/envconfig/v3/decoder.go:13.83,15.17 2 1
github.com/h-dav/envconfig/v3/decoder.go:15.17,21.4 1 0
github.com/h-dav/envconfig/v3/decoder.go:23.3,23.45 1 1
github.com/h-dav/envconfig/v3/decoder.go:25.73,27.17 2 1
github.com/h-dav/envconfig/v3/decoder.go:27.17,33.4 1 0
github.com/h-dav/envconfig/v3/decoder.go:35.3,35.40 1 1
github.com/h-dav/envconfig/v3/decoder.go:37.71,39.17 2 1
github.com/h-dav/envconfig/v3/decoder.go:39.17,45.4 1 0
github.com/h-dav/envconfig/v3/decoder.go:47.3,47.41 1 1
github.com/h-dav/envconfig/v3/decoder.go:49.77,51.17 2 1
github.com/h-dav/envconfig/v3/decoder.go:51.17,57.4 1 0
github.com/h-dav/envconfig/v3/decoder.go:59.3,59.42 1 1
github.com/h-dav/envconfig/v3/decoder.go:72.9,75.54 2 1
github.com/h-dav/envconfig/v3/decoder.go:75.54,76.49 1 0
github.com/h-dav/envconfig/v3/decoder.go:76.49,81.4 1 0
github.com/h-dav/envconfig/v3/decoder.go:82.3,82.13 1 0
github.com/h-dav/envconfig/v3/decoder.go:85.2,85.56 1 1
github.com/h-dav/envconfig/v3/decoder.go:85.56,87.17 2 1
github.com/h-dav/envconfig/v3/decoder.go:87.17,89.4 1 0
github.com/h-dav/envconfig/v3/decoder.go:90.3,91.13 2 1
github.com/h-dav/envconfig/v3/decoder.go:94.2,94.45 1 1
github.com/h-dav/envconfig/v3/decoder.go:95.14,96.42 1 1
github.com/h-dav/envconfig/v3/decoder.go:97.16,98.65 1 1
github.com/h-dav/envconfig/v3/decoder.go:99.13,100.56 1 1
github.com/h-dav/envconfig/v3/decoder.go:101.17,102.58 1 1
github.com/h-dav/envconfig/v3/decoder.go:103.10,104.77 1 0
github.com/h-dav/envconfig/v3/decoder.go:107.2,107.12 1 1
github.com/h-dav/envconfig/v3/decoder.go:110.94,114.27 3 1
github.com/h-dav/envconfig/v3/decoder.go:114.27,117.3 2 1
github.com/h-dav/envconfig/v3/decoder.go:119.2,121.12 2 1
github.com/h-dav/envconfig/v3/decoder.go:127.9,131.27 3 1
github.com/h-dav/envconfig/v3/decoder.go:131.27,135.17 3 1
github.com/h-dav/envconfig/v3/decoder.go:135.17,141.4 1 0
github.com/h-dav/envconfig/v3/decoder.go:143.3,143.39 1 1
github.com/h-dav/envconfig/v3/decoder.go:146.2,148.12 2 1
github.com/h-dav/envconfig/v3/decoder.go:154.9,158.27 3 1
github.com/h-dav/envconfig/v3/decoder.go:158.27,162.17 3 1
github.com/h-dav/envconfig/v3/decoder.go:162.17,168.4 1 0
github.com/h-dav/envconfig/v3/decoder.go:170.3,170.34 1 1
github.com/h-dav/envconfig/v3/decoder.go:173.2,175.12 2 1
github.com/h-dav/envconfig/v3/envconfig.go:11.44,17.27 2 1
github.com/h-dav/envconfig/v3/envconfig.go:17.27,19.3 1 1
github.com/h-dav/envconfig/v3/envconfig.go:22.2,24.32 2 1
github.com/h-dav/envconfig/v3/envconfig.go:24.32,25.22 1 1
github.com/h-dav/envconfig/v3/envconfig.go:25.22,27.4 1 1
github.com/h-dav/envconfig/v3/envconfig.go:28.3,29.17 2 1
github.com/h-dav/envconfig/v3/envconfig.go:29.17,31.4 1 1
github.com/h-dav/envconfig/v3/envconfig.go:33.3,33.30 1 1
github.com/h-dav/envconfig/v3/envconfig.go:36.2,36.33 1 1
github.com/h-dav/envconfig/v3/error.go:26.50,28.2 1 1
github.com/h-dav/envconfig/v3/error.go:30.57,30.85 1 1
github.com/h-dav/envconfig/v3/error.go:37.40,39.2 1 1
github.com/h-dav/envconfig/v3/error.go:41.47,41.63 1 0
github.com/h-dav/envconfig/v3/error.go:42.47,42.75 1 1
github.com/h-dav/envconfig/v3/error.go:49.54,51.2 1 1
github.com/h-dav/envconfig/v3/error.go:53.54,53.70 1 0
github.com/h-dav/envconfig/v3/error.go:62.47,64.2 1 1
github.com/h-dav/envconfig/v3/error.go:66.54,66.70 1 0
github.com/h-dav/envconfig/v3/error.go:67.54,67.88 1 1
github.com/h-dav/envconfig/v3/error.go:74.52,76.2 1 1
github.com/h-dav/envconfig/v3/error.go:78.59,78.94 1 1
github.com/h-dav/envconfig/v3/error.go:85.49,87.2 1 1
github.com/h-dav/envconfig/v3/error.go:89.56,89.93 1 1
github.com/h-dav/envconfig/v3/error.go:96.45,98.2 1 1
github.com/h-dav/envconfig/v3/error.go:100.52,100.84 1 1
github.com/h-dav/envconfig/v3/error.go:107.43,109.2 1 1
github.com/h-dav/envconfig/v3/error.go:111.50,111.85 1 1
github.com/h-dav/envconfig/v3/error.go:122.37,124.2 1 1
github.com/h-dav/envconfig/v3/error.go:126.44,126.60 1 0
github.com/h-dav/envconfig/v3/error.go:127.44,127.73 1 1
github.com/h-dav/envconfig/v3/error.go:135.40,137.2 1 1
github.com/h-dav/envconfig/v3/error.go:139.47,139.63 1 0
github.com/h-dav/envconfig/v3/error.go:140.47,140.75 1 1
github.com/h-dav/envconfig/v3/error.go:149.45,151.2 1 1
github.com/h-dav/envconfig/v3/error.go:153.52,153.68 1 0
github.com/h-dav/envconfig/v3/error.go:154.52,154.80 1 1
github.com/h-dav/envconfig/v3/error.go:162.44,163.18 1 1
github.com/h-dav/envconfig/v3/error.go:163.18,165.3 1 1
github.com/h-dav/envconfig/v3/error.go:166.2,166.47 1 0
github.com/h-dav/envconfig/v3/error.go:169.51,169.67 1 0
github.com/h-dav/envconfig/v3/error.go:170.51,170.78 1 1
github.com/h-dav/envconfig/v3/error.go:179.37,180.23 1 1
github.com/h-dav/envconfig/v3/error.go:180.23,182.3 1 1
github.com/h-dav/envconfig/v3/error.go:183.2,183.43 1 1
github.com/h-dav/envconfig/v3/error.go:186.37,186.53 1 1
github.com/h-dav/envconfig/v3/internal.go:27.53,29.92 2 1
github.com/h-dav/envconfig/v3/internal.go:29.92,31.3 1 1
github.com/h-dav/envconfig/v3/internal.go:33.2,35.40 2 1
github.com/h-dav/envconfig/v3/internal.go:35.40,40.33 3 1
github.com/h-dav/envconfig/v3/internal.go:40.33,41.12 1 0
github.com/h-dav/envconfig/v3/internal.go:44.3,44.74 1 1
github.com/h-dav/envconfig/v3/internal.go:44.74,46.4 1 1
github.com/h-dav/envconfig/v3/internal.go:49.2,49.12 1 1
github.com/h-dav/envconfig/v3/internal.go:54.69,57.26 2 1
github.com/h-dav/envconfig/v3/internal.go:57.26,62.29 4 1
github.com/h-dav/envconfig/v3/internal.go:62.29,64.4 1 0
github.com/h-dav/envconfig/v3/internal.go:66.3,66.57 1 1
github.com/h-dav/envconfig/v3/internal.go:69.2,69.19 1 1
github.com/h-dav/envconfig/v3/internal.go:73.90,74.41 1 1
github.com/h-dav/envconfig/v3/internal.go:74.41,78.33 3 1
github.com/h-dav/envconfig/v3/internal.go:78.33,79.12 1 0
github.com/h-dav/envconfig/v3/internal.go:83.3,83.72 1 1
github.com/h-dav/envconfig/v3/internal.go:83.72,85.4 1 0
github.com/h-dav/envconfig/v3/internal.go:88.2,88.12 1 1
github.com/h-dav/envconfig/v3/internal.go:92.101,95.16 3 1
github.com/h-dav/envconfig/v3/internal.go:95.16,97.3 1 0
github.com/h-dav/envconfig/v3/internal.go:100.2,100.41 1 1
github.com/h-dav/envconfig/v3/internal.go:100.41,101.28 1 1
github.com/h-dav/envconfig/v3/internal.go:101.28,103.23 2 1
github.com/h-dav/envconfig/v3/internal.go:103.23,105.5 1 0
github.com/h-dav/envconfig/v3/internal.go:106.4,106.67 1 1
github.com/h-dav/envconfig/v3/internal.go:106.67,108.5 1 0
github.com/h-dav/envconfig/v3/internal.go:110.4,110.14 1 1
github.com/h-dav/envconfig/v3/internal.go:115.2,115.22 1 1
github.com/h-dav/envconfig/v3/internal.go:115.22,117.50 2 1
github.com/h-dav/envconfig/v3/internal.go:117.50,118.23 1 1
github.com/h-dav/envconfig/v3/internal.go:118.23,120.5 1 0
github.com/h-dav/envconfig/v3/internal.go:121.4,121.23 1 1
github.com/h-dav/envconfig/v3/internal.go:121.23,122.88 1 1
github.com/h-dav/envconfig/v3/internal.go:122.88,128.6 1 1
github.com/h-dav/envconfig/v3/internal.go:131.8,131.32 1 1
github.com/h-dav/envconfig/v3/internal.go:131.32,134.43 2 1
github.com/h-dav/envconfig/v3/internal.go:134.43,136.18 2 1
github.com/h-dav/envconfig/v3/internal.go:136.18,138.5 1 0
github.com/h-dav/envconfig/v3/internal.go:139.4,139.23 1 1
github.com/h-dav/envconfig/v3/internal.go:139.23,141.5 1 1
github.com/h-dav/envconfig/v3/internal.go:142.4,142.88 1 1
github.com/h-dav/envconfig/v3/internal.go:142.88,144.5 1 0
github.com/h-dav/envconfig/v3/internal.go:149.2,149.46 1 1
github.com/h-dav/envconfig/v3/internal.go:149.46,150.22 1 1
github.com/h-dav/envconfig/v3/internal.go:150.22,152.4 1 0
github.com/h-dav/envconfig/v3/internal.go:153.3,153.85 1 1
github.com/h-dav/envconfig/v3/internal.go:153.85,155.4 1 0
github.com/h-dav/envconfig/v3/internal.go:159.2,159.41 1 1
github.com/h-dav/envconfig/v3/internal.go:159.41,163.3 1 1
github.com/h-dav/envconfig/v3/internal.go:165.2,165.12 1 1
github.com/h-dav/envconfig/v3/load.go:20.55,21.20 1 1
github.com/h-dav/envconfig/v3/load.go:21.20,23.3 1 0
github.com/h-dav/envconfig/v3/load.go:25.2,26.32 2 1
github.com/h-dav/envconfig/v3/load.go:26.32,28.3 1 1
github.com/h-dav/envconfig/v3/load.go:30.2,30.20 1 1
github.com/h-dav/envconfig/v3/load.go:33.41,33.58 1 1
github.com/h-dav/envconfig/v3/load.go:49.55,51.16 2 1
github.com/h-dav/envconfig/v3/load.go:51.16,53.3 1 1
github.com/h-dav/envconfig/v3/load.go:55.2,55.18 1 1
github.com/h-dav/envconfig/v3/load.go:58.41,58.79 1 0
github.com/h-dav/envconfig/v3/load.go:61.51,62.25 1 1
github.com/h-dav/envconfig/v3/load.go:63.20,67.9 1 1
github.com/h-dav/envconfig/v3/load.go:68.10,69.52 1 1
github.com/h-dav/envconfig/v3/load.go:78.59,80.16 2 1
github.com/h-dav/envconfig/v3/load.go:80.16,82.3 1 1
github.com/h-dav/envconfig/v3/load.go:83.2,86.21 3 1
github.com/h-dav/envconfig/v3/load.go:86.21,90.49 2 1
github.com/h-dav/envconfig/v3/load.go:90.49,91.12 1 0
github.com/h-dav/envconfig/v3/load.go:94.3,95.17 2 1
github.com/h-dav/envconfig/v3/load.go:95.17,97.4 1 0
github.com/h-dav/envconfig/v3/load.go:99.3,99.36 1 1
github.com/h-dav/envconfig/v3/load.go:102.2,102.38 1 1
github.com/h-dav/envconfig/v3/load.go:102.38,104.3 1 0
github.com/h-dav/envconfig/v3/load.go:106.2,106.22 1 1
github.com/h-dav/envconfig/v3/load.go:110.62,112.12 2 1
github.com/h-dav/envconfig/v3/load.go:112.12,114.3 1 0
github.com/h-dav/envconfig/v3/load.go:116.2,119.8 1 1
github.com/h-dav/envconfig/v3/load.go:125.70,127.35 2 1
github.com/h-dav/envconfig/v3/load.go:127.35,129.12 2 1
github.com/h-dav/envconfig/v3/load.go:129.12,131.4 1 1
github.com/h-dav/envconfig/v3/load.go:134.2,134.20 1 1
github.com/h-dav/envconfig/v3/load.go:137.56,137.80 1 1
github.com/h-dav/envconfig/v3/option.go:13.43,14.27 1 1
github.com/h-dav/envconfig/v3/option.go:14.27,18.3 1 1
github.com/h-dav/envconfig/v3/option.go:24.59,25.27 1 1
github.com/h-dav/envconfig/v3/option.go:25.27,26.26 1 1
github.com/h-dav/envconfig/v3/option.go:26.26,28.4 1 1
github.com/h-dav/envconfig/v3/option.go:29.3,31.5 1 1
github.com/h-dav/envconfig/v3/option.go:36.39,37.27 1 1
github.com/h-dav/envconfig/v3/option.go:37.27,39.3 1 1
github.com/h-dav/envconfig/v3/option.go:43.65,44.27 1 0
github.com/h-dav/envconfig/v3/option.go:44.27,45.24 1 0
github.com/h-dav/envconfig/v3/option.go:45.24,47.4 1 0
github.com/h-dav/envconfig/v3/option.go:48.3,48.34 1 0
github.com/h-dav/envconfig/v3/option.go:53.45,54.27 1 1
github.com/h-dav/envconfig/v3/option.go:54.27,56.3 1 1
github.com/h-dav/envconfig/v3/tag_handler.go:22.48,23.15 1 1
github.com/h-dav/envconfig/v3/tag_handler.go:23.15,25.3 1 1
github.com/h-dav/envconfig/v3/tag_handler.go:27.2,32.33 3 1
github.com/h-dav/envconfig/v3/tag_handler.go:32.33,34.17 2 1
github.com/h-dav/envconfig/v3/tag_handler.go:34.17,35.12 1 0
github.com/h-dav/envconfig/v3/tag_handler.go:38.3,42.25 4 1
github.com/h-dav/envconfig/v3/tag_handler.go:42.25,44.4 1 1
github.com/h-dav/envconfig/v3/tag_handler.go:46.3,46.14 1 1
github.com/h-dav/envconfig/v3/tag_handler.go:47.19,48.28 1 1
github.com/h-dav/envconfig/v3/tag_handler.go:49.18,50.27 1 1
github.com/h-dav/envconfig/v3/tag_handler.go:51.18,52.28 1 1
github.com/h-dav/envconfig/v3/tag_handler.go:53.17,54.27 1 1
github.com/h-dav/envconfig/v3/tag_handler.go:58.2,58.22 1 1
